// Jest Snapshot v1, https://goo.gl/fbAQLP

exports[`FlowPosesList component renders UI as expected 1`] = `
<div>
  <div
    className="error"
  />
  <ul
    className="flow-poses-container"
  />
</div>
`;
