// Jest Snapshot v1, https://goo.gl/fbAQLP

exports[`FlowItem component renders UI as expected 1`] = `
<div
  className="flow-item"
>
  <li
    className="li"
  >
    <div
      className="img-container"
    >
      <img
        alt="yoga asana"
        className="flow-img"
        onClick={[Function]}
      />
    </div>
    <footer>
      <button
        className="flow-item-button"
        onClick={[Function]}
        type="button"
      >
        <svg
          aria-hidden="true"
          className="svg-inline--fa fa-trash-alt fa-w-14 "
          data-icon="trash-alt"
          data-prefix="fas"
          focusable="false"
          role="img"
          style={Object {}}
          viewBox="0 0 448 512"
          xmlns="http://www.w3.org/2000/svg"
        >
          <path
            d="M32 464a48 48 0 0 0 48 48h288a48 48 0 0 0 48-48V128H32zm272-256a16 16 0 0 1 32 0v224a16 16 0 0 1-32 0zm-96 0a16 16 0 0 1 32 0v224a16 16 0 0 1-32 0zm-96 0a16 16 0 0 1 32 0v224a16 16 0 0 1-32 0zM432 32H312l-9.4-18.7A24 24 0 0 0 281.1 0H166.8a23.72 23.72 0 0 0-21.4 13.3L136 32H16A16 16 0 0 0 0 48v32a16 16 0 0 0 16 16h416a16 16 0 0 0 16-16V48a16 16 0 0 0-16-16z"
            fill="currentColor"
            style={Object {}}
          />
        </svg>
      </button>
    </footer>
  </li>
</div>
`;
