// Jest Snapshot v1, https://goo.gl/fbAQLP

exports[`FlowFullYogaCard component renders UI as expected 1`] = `
<div
  className="pose-info"
>
  <h3
    className="title"
  />
  <h3
    className="title"
  />
  <div
    className="text-container"
  >
    <p>
      BENEFITS : 
    </p>
    <br />
    <p>
      LEVEL : 
    </p>
    <br />
    <p>
      POSE TYPE : 
    </p>
    <br />
  </div>
  <iframe
    allow="accelerometer; autoplay; encrypted-media; gyroscope; picture-in-picture"
    allowFullScreen={true}
    frameBorder="0"
    height="315"
    title="yoga pose instructions"
    width="560"
  />
  <div
    className="bt-container"
  >
    <button
      onClick={[Function]}
    >
      Back
    </button>
  </div>
</div>
`;
