// Jest Snapshot v1, https://goo.gl/fbAQLP

exports[`PoseList component renders UI as expected 1`] = `
<div
  className="pose-list"
>
  <div
    className="error"
  />
  <h2
    className="title"
  >
    POSES LIBRARY: 
  </h2>
  <ul
    className="poses-container"
  />
</div>
`;
