// Jest Snapshot v1, https://goo.gl/fbAQLP

exports[`CurrentFlow component renders UI as expected 1`] = `
<div
  className="current-flow"
>
  <h2
    className="title"
  >
    Current flow: 
    UNDEFINED
  </h2>
</div>
`;
